[ctrl_untrained] 13500 windows, 120 tokens of 4 samples, target blocks of 12 tokens x4 | input channels, probe AUC 0.855; probe + HMM: event F1 0.660 kappa 0.539 (validation, set A) | device mps
/Users/joachimbellet/Documents/GitHub/uneye/.venv/lib/python3.12/site-packages/sklearn/linear_model/_logistic.py:599: ConvergenceWarning: lbfgs failed to converge after 200 iteration(s) (status=1):
STOP: TOTAL NO. OF ITERATIONS REACHED LIMIT

Increase the number of iterations to improve the convergence (max_iter=200).
You might also want to scale the data as shown in:
    https://scikit-learn.org/stable/modules/preprocessing.html
Please also refer to the documentation for alternative solver options:
    https://scikit-learn.org/stable/modules/linear_model.html#logistic-regression
  n_iter_i = _check_optimize_result(
/Users/joachimbellet/Documents/GitHub/uneye/.venv/lib/python3.12/site-packages/sklearn/linear_model/_logistic.py:599: ConvergenceWarning: lbfgs failed to converge after 200 iteration(s) (status=1):
STOP: TOTAL NO. OF ITERATIONS REACHED LIMIT

Increase the number of iterations to improve the convergence (max_iter=200).
You might also want to scale the data as shown in:
    https://scikit-learn.org/stable/modules/preprocessing.html
Please also refer to the documentation for alternative solver options:
    https://scikit-learn.org/stable/modules/linear_model.html#logistic-regression
  n_iter_i = _check_optimize_result(
/Users/joachimbellet/Documents/GitHub/uneye/.venv/lib/python3.12/site-packages/sklearn/linear_model/_logistic.py:599: ConvergenceWarning: lbfgs failed to converge after 200 iteration(s) (status=1):
STOP: TOTAL NO. OF ITERATIONS REACHED LIMIT

Increase the number of iterations to improve the convergence (max_iter=200).
You might also want to scale the data as shown in:
    https://scikit-learn.org/stable/modules/preprocessing.html
Please also refer to the documentation for alternative solver options:
    https://scikit-learn.org/stable/modules/linear_model.html#logistic-regression
  n_iter_i = _check_optimize_result(
/Users/joachimbellet/Documents/GitHub/uneye/.venv/lib/python3.12/site-packages/sklearn/linear_model/_logistic.py:599: ConvergenceWarning: lbfgs failed to converge after 200 iteration(s) (status=1):
STOP: TOTAL NO. OF ITERATIONS REACHED LIMIT

Increase the number of iterations to improve the convergence (max_iter=200).
You might also want to scale the data as shown in:
    https://scikit-learn.org/stable/modules/preprocessing.html
Please also refer to the documentation for alternative solver options:
    https://scikit-learn.org/stable/modules/linear_model.html#logistic-regression
  n_iter_i = _check_optimize_result(
/Users/joachimbellet/Documents/GitHub/uneye/.venv/lib/python3.12/site-packages/sklearn/linear_model/_logistic.py:599: ConvergenceWarning: lbfgs failed to converge after 200 iteration(s) (status=1):
STOP: TOTAL NO. OF ITERATIONS REACHED LIMIT

Increase the number of iterations to improve the convergence (max_iter=200).
You might also want to scale the data as shown in:
    https://scikit-learn.org/stable/modules/preprocessing.html
Please also refer to the documentation for alternative solver options:
    https://scikit-learn.org/stable/modules/linear_model.html#logistic-regression
  n_iter_i = _check_optimize_result(
/Users/joachimbellet/Documents/GitHub/uneye/.venv/lib/python3.12/site-packages/sklearn/linear_model/_logistic.py:599: ConvergenceWarning: lbfgs failed to converge after 300 iteration(s) (status=1):
STOP: TOTAL NO. OF ITERATIONS REACHED LIMIT

Increase the number of iterations to improve the convergence (max_iter=300).
You might also want to scale the data as shown in:
    https://scikit-learn.org/stable/modules/preprocessing.html
Please also refer to the documentation for alternative solver options:
    https://scikit-learn.org/stable/modules/linear_model.html#logistic-regression
  n_iter_i = _check_optimize_result(
/Users/joachimbellet/Documents/GitHub/uneye/.venv/lib/python3.12/site-packages/sklearn/linear_model/_logistic.py:599: ConvergenceWarning: lbfgs failed to converge after 300 iteration(s) (status=1):
STOP: TOTAL NO. OF ITERATIONS REACHED LIMIT

Increase the number of iterations to improve the convergence (max_iter=300).
You might also want to scale the data as shown in:
    https://scikit-learn.org/stable/modules/preprocessing.html
Please also refer to the documentation for alternative solver options:
    https://scikit-learn.org/stable/modules/linear_model.html#logistic-regression
  n_iter_i = _check_optimize_result(
/Users/joachimbellet/Documents/GitHub/uneye/.venv/lib/python3.12/site-packages/sklearn/linear_model/_logistic.py:599: ConvergenceWarning: lbfgs failed to converge after 300 iteration(s) (status=1):
STOP: TOTAL NO. OF ITERATIONS REACHED LIMIT

Increase the number of iterations to improve the convergence (max_iter=300).
You might also want to scale the data as shown in:
    https://scikit-learn.org/stable/modules/preprocessing.html
Please also refer to the documentation for alternative solver options:
    https://scikit-learn.org/stable/modules/linear_model.html#logistic-regression
  n_iter_i = _check_optimize_result(
/Users/joachimbellet/Documents/GitHub/uneye/.venv/lib/python3.12/site-packages/sklearn/linear_model/_logistic.py:599: ConvergenceWarning: lbfgs failed to converge after 300 iteration(s) (status=1):
STOP: TOTAL NO. OF ITERATIONS REACHED LIMIT

Increase the number of iterations to improve the convergence (max_iter=300).
You might also want to scale the data as shown in:
    https://scikit-learn.org/stable/modules/preprocessing.html
Please also refer to the documentation for alternative solver options:
    https://scikit-learn.org/stable/modules/linear_model.html#logistic-regression
  n_iter_i = _check_optimize_result(
/Users/joachimbellet/Documents/GitHub/uneye/.venv/lib/python3.12/site-packages/sklearn/linear_model/_logistic.py:599: ConvergenceWarning: lbfgs failed to converge after 300 iteration(s) (status=1):
STOP: TOTAL NO. OF ITERATIONS REACHED LIMIT

Increase the number of iterations to improve the convergence (max_iter=300).
You might also want to scale the data as shown in:
    https://scikit-learn.org/stable/modules/preprocessing.html
Please also refer to the documentation for alternative solver options:
    https://scikit-learn.org/stable/modules/linear_model.html#logistic-regression
  n_iter_i = _check_optimize_result(
[ctrl_untrained] UNTRAINED encoder (random init): probe AUC 0.905; probe + HMM event F1 0.496 kappa 0.479 (d1 0.80/0.75 d2 0.42/0.29 d3 0.19/0.20 d4 0.47/0.65 andersson 0.60/0.50) -> what training must improve on
/Users/joachimbellet/Documents/GitHub/uneye/.venv/lib/python3.12/site-packages/sklearn/linear_model/_logistic.py:599: ConvergenceWarning: lbfgs failed to converge after 300 iteration(s) (status=1):
STOP: TOTAL NO. OF ITERATIONS REACHED LIMIT

Increase the number of iterations to improve the convergence (max_iter=300).
You might also want to scale the data as shown in:
    https://scikit-learn.org/stable/modules/preprocessing.html
Please also refer to the documentation for alternative solver options:
    https://scikit-learn.org/stable/modules/linear_model.html#logistic-regression
  n_iter_i = _check_optimize_result(
/Users/joachimbellet/Documents/GitHub/uneye/.venv/lib/python3.12/site-packages/sklearn/linear_model/_logistic.py:599: ConvergenceWarning: lbfgs failed to converge after 300 iteration(s) (status=1):
STOP: TOTAL NO. OF ITERATIONS REACHED LIMIT

Increase the number of iterations to improve the convergence (max_iter=300).
You might also want to scale the data as shown in:
    https://scikit-learn.org/stable/modules/preprocessing.html
Please also refer to the documentation for alternative solver options:
    https://scikit-learn.org/stable/modules/linear_model.html#logistic-regression
  n_iter_i = _check_optimize_result(
/Users/joachimbellet/Documents/GitHub/uneye/.venv/lib/python3.12/site-packages/sklearn/linear_model/_logistic.py:599: ConvergenceWarning: lbfgs failed to converge after 300 iteration(s) (status=1):
STOP: TOTAL NO. OF ITERATIONS REACHED LIMIT

Increase the number of iterations to improve the convergence (max_iter=300).
You might also want to scale the data as shown in:
    https://scikit-learn.org/stable/modules/preprocessing.html
Please also refer to the documentation for alternative solver options:
    https://scikit-learn.org/stable/modules/linear_model.html#logistic-regression
  n_iter_i = _check_optimize_result(
/Users/joachimbellet/Documents/GitHub/uneye/.venv/lib/python3.12/site-packages/sklearn/linear_model/_logistic.py:599: ConvergenceWarning: lbfgs failed to converge after 300 iteration(s) (status=1):
STOP: TOTAL NO. OF ITERATIONS REACHED LIMIT

Increase the number of iterations to improve the convergence (max_iter=300).
You might also want to scale the data as shown in:
    https://scikit-learn.org/stable/modules/preprocessing.html
Please also refer to the documentation for alternative solver options:
    https://scikit-learn.org/stable/modules/linear_model.html#logistic-regression
  n_iter_i = _check_optimize_result(
/Users/joachimbellet/Documents/GitHub/uneye/.venv/lib/python3.12/site-packages/sklearn/linear_model/_logistic.py:599: ConvergenceWarning: lbfgs failed to converge after 300 iteration(s) (status=1):
STOP: TOTAL NO. OF ITERATIONS REACHED LIMIT

Increase the number of iterations to improve the convergence (max_iter=300).
You might also want to scale the data as shown in:
    https://scikit-learn.org/stable/modules/preprocessing.html
Please also refer to the documentation for alternative solver options:
    https://scikit-learn.org/stable/modules/linear_model.html#logistic-regression
  n_iter_i = _check_optimize_result(
[ctrl_untrained] mean over 5 datasets: HMM F1 0.480 kappa 0.439 | threshold F1 0.287 kappa 0.418 | d1 0.79/0.77 d2 0.44/0.21 d3 0.19/0.17 d4 0.37/0.55 andersson 0.61/0.50 (1.7 min)
[ctrl_untrained] RESULT best event F1 0.496 (kappa at that point: see log) | untrained encoder 0.496 | input channels 0.660
