[hubert_a] 13500 windows, 120 tokens of 4 samples, target blocks of 12 tokens x4 | input channels, probe AUC 0.855; probe + HMM: event F1 0.660 kappa 0.539 (validation, set A) | device mps
/Users/joachimbellet/Documents/GitHub/uneye/.venv/lib/python3.12/site-packages/sklearn/linear_model/_logistic.py:599: ConvergenceWarning: lbfgs failed to converge after 200 iteration(s) (status=1):
STOP: TOTAL NO. OF ITERATIONS REACHED LIMIT

Increase the number of iterations to improve the convergence (max_iter=200).
You might also want to scale the data as shown in:
    https://scikit-learn.org/stable/modules/preprocessing.html
Please also refer to the documentation for alternative solver options:
    https://scikit-learn.org/stable/modules/linear_model.html#logistic-regression
  n_iter_i = _check_optimize_result(
/Users/joachimbellet/Documents/GitHub/uneye/.venv/lib/python3.12/site-packages/sklearn/linear_model/_logistic.py:599: ConvergenceWarning: lbfgs failed to converge after 200 iteration(s) (status=1):
STOP: TOTAL NO. OF ITERATIONS REACHED LIMIT

Increase the number of iterations to improve the convergence (max_iter=200).
You might also want to scale the data as shown in:
    https://scikit-learn.org/stable/modules/preprocessing.html
Please also refer to the documentation for alternative solver options:
    https://scikit-learn.org/stable/modules/linear_model.html#logistic-regression
  n_iter_i = _check_optimize_result(
/Users/joachimbellet/Documents/GitHub/uneye/.venv/lib/python3.12/site-packages/sklearn/linear_model/_logistic.py:599: ConvergenceWarning: lbfgs failed to converge after 200 iteration(s) (status=1):
STOP: TOTAL NO. OF ITERATIONS REACHED LIMIT

Increase the number of iterations to improve the convergence (max_iter=200).
You might also want to scale the data as shown in:
    https://scikit-learn.org/stable/modules/preprocessing.html
Please also refer to the documentation for alternative solver options:
    https://scikit-learn.org/stable/modules/linear_model.html#logistic-regression
  n_iter_i = _check_optimize_result(
/Users/joachimbellet/Documents/GitHub/uneye/.venv/lib/python3.12/site-packages/sklearn/linear_model/_logistic.py:599: ConvergenceWarning: lbfgs failed to converge after 200 iteration(s) (status=1):
STOP: TOTAL NO. OF ITERATIONS REACHED LIMIT

Increase the number of iterations to improve the convergence (max_iter=200).
You might also want to scale the data as shown in:
    https://scikit-learn.org/stable/modules/preprocessing.html
Please also refer to the documentation for alternative solver options:
    https://scikit-learn.org/stable/modules/linear_model.html#logistic-regression
  n_iter_i = _check_optimize_result(
/Users/joachimbellet/Documents/GitHub/uneye/.venv/lib/python3.12/site-packages/sklearn/linear_model/_logistic.py:599: ConvergenceWarning: lbfgs failed to converge after 200 iteration(s) (status=1):
STOP: TOTAL NO. OF ITERATIONS REACHED LIMIT

Increase the number of iterations to improve the convergence (max_iter=200).
You might also want to scale the data as shown in:
    https://scikit-learn.org/stable/modules/preprocessing.html
Please also refer to the documentation for alternative solver options:
    https://scikit-learn.org/stable/modules/linear_model.html#logistic-regression
  n_iter_i = _check_optimize_result(
/Users/joachimbellet/Documents/GitHub/uneye/.venv/lib/python3.12/site-packages/sklearn/linear_model/_logistic.py:599: ConvergenceWarning: lbfgs failed to converge after 300 iteration(s) (status=1):
STOP: TOTAL NO. OF ITERATIONS REACHED LIMIT

Increase the number of iterations to improve the convergence (max_iter=300).
You might also want to scale the data as shown in:
    https://scikit-learn.org/stable/modules/preprocessing.html
Please also refer to the documentation for alternative solver options:
    https://scikit-learn.org/stable/modules/linear_model.html#logistic-regression
  n_iter_i = _check_optimize_result(
/Users/joachimbellet/Documents/GitHub/uneye/.venv/lib/python3.12/site-packages/sklearn/linear_model/_logistic.py:599: ConvergenceWarning: lbfgs failed to converge after 300 iteration(s) (status=1):
STOP: TOTAL NO. OF ITERATIONS REACHED LIMIT

Increase the number of iterations to improve the convergence (max_iter=300).
You might also want to scale the data as shown in:
    https://scikit-learn.org/stable/modules/preprocessing.html
Please also refer to the documentation for alternative solver options:
    https://scikit-learn.org/stable/modules/linear_model.html#logistic-regression
  n_iter_i = _check_optimize_result(
/Users/joachimbellet/Documents/GitHub/uneye/.venv/lib/python3.12/site-packages/sklearn/linear_model/_logistic.py:599: ConvergenceWarning: lbfgs failed to converge after 300 iteration(s) (status=1):
STOP: TOTAL NO. OF ITERATIONS REACHED LIMIT

Increase the number of iterations to improve the convergence (max_iter=300).
You might also want to scale the data as shown in:
    https://scikit-learn.org/stable/modules/preprocessing.html
Please also refer to the documentation for alternative solver options:
    https://scikit-learn.org/stable/modules/linear_model.html#logistic-regression
  n_iter_i = _check_optimize_result(
/Users/joachimbellet/Documents/GitHub/uneye/.venv/lib/python3.12/site-packages/sklearn/linear_model/_logistic.py:599: ConvergenceWarning: lbfgs failed to converge after 300 iteration(s) (status=1):
STOP: TOTAL NO. OF ITERATIONS REACHED LIMIT

Increase the number of iterations to improve the convergence (max_iter=300).
You might also want to scale the data as shown in:
    https://scikit-learn.org/stable/modules/preprocessing.html
Please also refer to the documentation for alternative solver options:
    https://scikit-learn.org/stable/modules/linear_model.html#logistic-regression
  n_iter_i = _check_optimize_result(
/Users/joachimbellet/Documents/GitHub/uneye/.venv/lib/python3.12/site-packages/sklearn/linear_model/_logistic.py:599: ConvergenceWarning: lbfgs failed to converge after 300 iteration(s) (status=1):
STOP: TOTAL NO. OF ITERATIONS REACHED LIMIT

Increase the number of iterations to improve the convergence (max_iter=300).
You might also want to scale the data as shown in:
    https://scikit-learn.org/stable/modules/preprocessing.html
Please also refer to the documentation for alternative solver options:
    https://scikit-learn.org/stable/modules/linear_model.html#logistic-regression
  n_iter_i = _check_optimize_result(
[hubert_a] UNTRAINED encoder (random init): probe AUC 0.905; probe + HMM event F1 0.496 kappa 0.479 (d1 0.80/0.75 d2 0.42/0.29 d3 0.19/0.20 d4 0.47/0.65 andersson 0.60/0.50) -> what training must improve on
/Users/joachimbellet/Documents/GitHub/uneye/.venv/lib/python3.12/site-packages/sklearn/linear_model/_logistic.py:599: ConvergenceWarning: lbfgs failed to converge after 200 iteration(s) (status=1):
STOP: TOTAL NO. OF ITERATIONS REACHED LIMIT

Increase the number of iterations to improve the convergence (max_iter=200).
You might also want to scale the data as shown in:
    https://scikit-learn.org/stable/modules/preprocessing.html
Please also refer to the documentation for alternative solver options:
    https://scikit-learn.org/stable/modules/linear_model.html#logistic-regression
  n_iter_i = _check_optimize_result(
/Users/joachimbellet/Documents/GitHub/uneye/.venv/lib/python3.12/site-packages/sklearn/linear_model/_logistic.py:599: ConvergenceWarning: lbfgs failed to converge after 200 iteration(s) (status=1):
STOP: TOTAL NO. OF ITERATIONS REACHED LIMIT

Increase the number of iterations to improve the convergence (max_iter=200).
You might also want to scale the data as shown in:
    https://scikit-learn.org/stable/modules/preprocessing.html
Please also refer to the documentation for alternative solver options:
    https://scikit-learn.org/stable/modules/linear_model.html#logistic-regression
  n_iter_i = _check_optimize_result(
/Users/joachimbellet/Documents/GitHub/uneye/.venv/lib/python3.12/site-packages/sklearn/linear_model/_logistic.py:599: ConvergenceWarning: lbfgs failed to converge after 200 iteration(s) (status=1):
STOP: TOTAL NO. OF ITERATIONS REACHED LIMIT

Increase the number of iterations to improve the convergence (max_iter=200).
You might also want to scale the data as shown in:
    https://scikit-learn.org/stable/modules/preprocessing.html
Please also refer to the documentation for alternative solver options:
    https://scikit-learn.org/stable/modules/linear_model.html#logistic-regression
  n_iter_i = _check_optimize_result(
/Users/joachimbellet/Documents/GitHub/uneye/.venv/lib/python3.12/site-packages/sklearn/linear_model/_logistic.py:599: ConvergenceWarning: lbfgs failed to converge after 200 iteration(s) (status=1):
STOP: TOTAL NO. OF ITERATIONS REACHED LIMIT

Increase the number of iterations to improve the convergence (max_iter=200).
You might also want to scale the data as shown in:
    https://scikit-learn.org/stable/modules/preprocessing.html
Please also refer to the documentation for alternative solver options:
    https://scikit-learn.org/stable/modules/linear_model.html#logistic-regression
  n_iter_i = _check_optimize_result(
/Users/joachimbellet/Documents/GitHub/uneye/.venv/lib/python3.12/site-packages/sklearn/linear_model/_logistic.py:599: ConvergenceWarning: lbfgs failed to converge after 200 iteration(s) (status=1):
STOP: TOTAL NO. OF ITERATIONS REACHED LIMIT

Increase the number of iterations to improve the convergence (max_iter=200).
You might also want to scale the data as shown in:
    https://scikit-learn.org/stable/modules/preprocessing.html
Please also refer to the documentation for alternative solver options:
    https://scikit-learn.org/stable/modules/linear_model.html#logistic-regression
  n_iter_i = _check_optimize_result(
[hubert_a] step 500/6000 loss 3.5050 target std 0.000 | probe AUC 0.896 | probe + HMM: event F1 0.356 kappa 0.356 (best F1 0.496, patience 1/3) | d1 0.52/0.67 d2 0.16/0.03 d3 0.21/0.19 d4 0.35/0.48 andersson 0.55/0.42 | 259 s
/Users/joachimbellet/Documents/GitHub/uneye/.venv/lib/python3.12/site-packages/sklearn/linear_model/_logistic.py:599: ConvergenceWarning: lbfgs failed to converge after 200 iteration(s) (status=1):
STOP: TOTAL NO. OF ITERATIONS REACHED LIMIT

Increase the number of iterations to improve the convergence (max_iter=200).
You might also want to scale the data as shown in:
    https://scikit-learn.org/stable/modules/preprocessing.html
Please also refer to the documentation for alternative solver options:
    https://scikit-learn.org/stable/modules/linear_model.html#logistic-regression
  n_iter_i = _check_optimize_result(
/Users/joachimbellet/Documents/GitHub/uneye/.venv/lib/python3.12/site-packages/sklearn/linear_model/_logistic.py:599: ConvergenceWarning: lbfgs failed to converge after 200 iteration(s) (status=1):
STOP: TOTAL NO. OF ITERATIONS REACHED LIMIT

Increase the number of iterations to improve the convergence (max_iter=200).
You might also want to scale the data as shown in:
    https://scikit-learn.org/stable/modules/preprocessing.html
Please also refer to the documentation for alternative solver options:
    https://scikit-learn.org/stable/modules/linear_model.html#logistic-regression
  n_iter_i = _check_optimize_result(
/Users/joachimbellet/Documents/GitHub/uneye/.venv/lib/python3.12/site-packages/sklearn/linear_model/_logistic.py:599: ConvergenceWarning: lbfgs failed to converge after 200 iteration(s) (status=1):
STOP: TOTAL NO. OF ITERATIONS REACHED LIMIT

Increase the number of iterations to improve the convergence (max_iter=200).
You might also want to scale the data as shown in:
    https://scikit-learn.org/stable/modules/preprocessing.html
Please also refer to the documentation for alternative solver options:
    https://scikit-learn.org/stable/modules/linear_model.html#logistic-regression
  n_iter_i = _check_optimize_result(
/Users/joachimbellet/Documents/GitHub/uneye/.venv/lib/python3.12/site-packages/sklearn/linear_model/_logistic.py:599: ConvergenceWarning: lbfgs failed to converge after 200 iteration(s) (status=1):
STOP: TOTAL NO. OF ITERATIONS REACHED LIMIT

Increase the number of iterations to improve the convergence (max_iter=200).
You might also want to scale the data as shown in:
    https://scikit-learn.org/stable/modules/preprocessing.html
Please also refer to the documentation for alternative solver options:
    https://scikit-learn.org/stable/modules/linear_model.html#logistic-regression
  n_iter_i = _check_optimize_result(
[hubert_a] step 1000/6000 loss 3.1841 target std 0.000 | probe AUC 0.931 | probe + HMM: event F1 0.515 kappa 0.360 (best F1 0.515 *saved*, patience 0/3) | d1 0.67/0.68 d2 0.47/0.17 d3 0.32/0.20 d4 0.44/0.37 andersson 0.67/0.38 | 491 s
/Users/joachimbellet/Documents/GitHub/uneye/.venv/lib/python3.12/site-packages/sklearn/linear_model/_logistic.py:599: ConvergenceWarning: lbfgs failed to converge after 200 iteration(s) (status=1):
STOP: TOTAL NO. OF ITERATIONS REACHED LIMIT

Increase the number of iterations to improve the convergence (max_iter=200).
You might also want to scale the data as shown in:
    https://scikit-learn.org/stable/modules/preprocessing.html
Please also refer to the documentation for alternative solver options:
    https://scikit-learn.org/stable/modules/linear_model.html#logistic-regression
  n_iter_i = _check_optimize_result(
[hubert_a] step 1500/6000 loss 3.1079 target std 0.000 | probe AUC 0.932 | probe + HMM: event F1 0.557 kappa 0.372 (best F1 0.557 *saved*, patience 0/3) | d1 0.68/0.69 d2 0.60/0.16 d3 0.33/0.23 d4 0.51/0.42 andersson 0.67/0.36 | 730 s
[hubert_a] step 2000/6000 loss 3.0604 target std 0.000 | probe AUC 0.941 | probe + HMM: event F1 0.517 kappa 0.366 (best F1 0.557, patience 1/3) | d1 0.65/0.69 d2 0.42/0.16 d3 0.35/0.24 d4 0.47/0.39 andersson 0.69/0.35 | 967 s
[hubert_a] step 2500/6000 loss 3.0065 target std 0.000 | probe AUC 0.936 | probe + HMM: event F1 0.590 kappa 0.422 (best F1 0.590 *saved*, patience 0/3) | d1 0.77/0.73 d2 0.56/0.35 d3 0.38/0.23 d4 0.54/0.44 andersson 0.70/0.37 | 1204 s
[hubert_a] step 3000/6000 loss 2.9438 target std 0.000 | probe AUC 0.950 | probe + HMM: event F1 0.602 kappa 0.455 (best F1 0.602 *saved*, patience 0/3) | d1 0.75/0.73 d2 0.66/0.47 d3 0.37/0.24 d4 0.54/0.48 andersson 0.69/0.36 | 1440 s
[hubert_a] step 3500/6000 loss 2.8874 target std 0.000 | probe AUC 0.953 | probe + HMM: event F1 0.573 kappa 0.433 (best F1 0.602, patience 1/3) | d1 0.77/0.75 d2 0.49/0.34 d3 0.38/0.25 d4 0.54/0.49 andersson 0.68/0.34 | 1676 s
[hubert_a] step 4000/6000 loss 2.8644 target std 0.000 | probe AUC 0.953 | probe + HMM: event F1 0.593 kappa 0.453 (best F1 0.602, patience 2/3) | d1 0.79/0.76 d2 0.55/0.41 d3 0.37/0.23 d4 0.56/0.50 andersson 0.70/0.36 | 1912 s
[hubert_a] step 4500/6000 loss 2.8511 target std 0.000 | probe AUC 0.958 | probe + HMM: event F1 0.559 kappa 0.416 (best F1 0.602, patience 3/3) | d1 0.78/0.75 d2 0.38/0.23 d3 0.37/0.25 d4 0.57/0.49 andersson 0.69/0.37 | 2148 s
[hubert_a] early stop
[hubert_a] mean over 5 datasets: HMM F1 0.573 kappa 0.397 | threshold F1 0.510 kappa 0.553 | d1 0.75/0.74 d2 0.70/0.40 d3 0.36/0.20 d4 0.34/0.29 andersson 0.70/0.37 (37.0 min)
[hubert_a] RESULT best event F1 0.602 (kappa at that point: see log) | untrained encoder 0.496 | input channels 0.660
