/Users/joachimbellet/Documents/GitHub/uneye/foundation/bitcn.py:41: RuntimeWarning: invalid value encountered in multiply
  c, s = np.cos(np.deg2rad(th)), np.sin(np.deg2rad(th)); q = np.stack([c * p[..., 0] - s * p[..., 1], s * p[..., 0] + c * p[..., 1]], 2)
/Users/joachimbellet/Documents/GitHub/uneye/foundation/bitcn.py:41: RuntimeWarning: invalid value encountered in multiply
  c, s = np.cos(np.deg2rad(th)), np.sin(np.deg2rad(th)); q = np.stack([c * p[..., 0] - s * p[..., 1], s * p[..., 0] + c * p[..., 1]], 2)
[sup_bitcn_v2] step 500/6000 loss 0.2464 | validation (d1-d3 held-out trials): F1 0.890 kappa 0.807 | EMA F1 0.890 kappa 0.807 (best 0.890 *saved*, patience 0/3) | 34 s
/Users/joachimbellet/Documents/GitHub/uneye/foundation/bitcn.py:41: RuntimeWarning: invalid value encountered in multiply
  c, s = np.cos(np.deg2rad(th)), np.sin(np.deg2rad(th)); q = np.stack([c * p[..., 0] - s * p[..., 1], s * p[..., 0] + c * p[..., 1]], 2)
/Users/joachimbellet/Documents/GitHub/uneye/foundation/bitcn.py:41: RuntimeWarning: invalid value encountered in multiply
  c, s = np.cos(np.deg2rad(th)), np.sin(np.deg2rad(th)); q = np.stack([c * p[..., 0] - s * p[..., 1], s * p[..., 0] + c * p[..., 1]], 2)
[sup_bitcn_v2] step 1000/6000 loss 0.0859 | validation (d1-d3 held-out trials): F1 0.898 kappa 0.835 | EMA F1 0.866 kappa 0.792 (best 0.898 *saved*, patience 0/3) | 68 s
/Users/joachimbellet/Documents/GitHub/uneye/foundation/bitcn.py:41: RuntimeWarning: invalid value encountered in multiply
  c, s = np.cos(np.deg2rad(th)), np.sin(np.deg2rad(th)); q = np.stack([c * p[..., 0] - s * p[..., 1], s * p[..., 0] + c * p[..., 1]], 2)
/Users/joachimbellet/Documents/GitHub/uneye/foundation/bitcn.py:41: RuntimeWarning: invalid value encountered in multiply
  c, s = np.cos(np.deg2rad(th)), np.sin(np.deg2rad(th)); q = np.stack([c * p[..., 0] - s * p[..., 1], s * p[..., 0] + c * p[..., 1]], 2)
[sup_bitcn_v2] step 1500/6000 loss 0.0752 | validation (d1-d3 held-out trials): F1 0.907 kappa 0.848 | EMA F1 0.882 kappa 0.811 (best 0.907 *saved*, patience 0/3) | 101 s
/Users/joachimbellet/Documents/GitHub/uneye/foundation/bitcn.py:41: RuntimeWarning: invalid value encountered in multiply
  c, s = np.cos(np.deg2rad(th)), np.sin(np.deg2rad(th)); q = np.stack([c * p[..., 0] - s * p[..., 1], s * p[..., 0] + c * p[..., 1]], 2)
/Users/joachimbellet/Documents/GitHub/uneye/foundation/bitcn.py:41: RuntimeWarning: invalid value encountered in multiply
  c, s = np.cos(np.deg2rad(th)), np.sin(np.deg2rad(th)); q = np.stack([c * p[..., 0] - s * p[..., 1], s * p[..., 0] + c * p[..., 1]], 2)
[sup_bitcn_v2] step 2000/6000 loss 0.0692 | validation (d1-d3 held-out trials): F1 0.909 kappa 0.848 | EMA F1 0.906 kappa 0.829 (best 0.909 *saved*, patience 0/3) | 135 s
/Users/joachimbellet/Documents/GitHub/uneye/foundation/bitcn.py:41: RuntimeWarning: invalid value encountered in multiply
  c, s = np.cos(np.deg2rad(th)), np.sin(np.deg2rad(th)); q = np.stack([c * p[..., 0] - s * p[..., 1], s * p[..., 0] + c * p[..., 1]], 2)
/Users/joachimbellet/Documents/GitHub/uneye/foundation/bitcn.py:41: RuntimeWarning: invalid value encountered in multiply
  c, s = np.cos(np.deg2rad(th)), np.sin(np.deg2rad(th)); q = np.stack([c * p[..., 0] - s * p[..., 1], s * p[..., 0] + c * p[..., 1]], 2)
[sup_bitcn_v2] step 2500/6000 loss 0.0658 | validation (d1-d3 held-out trials): F1 0.919 kappa 0.856 | EMA F1 0.905 kappa 0.829 (best 0.919 *saved*, patience 0/3) | 169 s
/Users/joachimbellet/Documents/GitHub/uneye/foundation/bitcn.py:41: RuntimeWarning: invalid value encountered in multiply
  c, s = np.cos(np.deg2rad(th)), np.sin(np.deg2rad(th)); q = np.stack([c * p[..., 0] - s * p[..., 1], s * p[..., 0] + c * p[..., 1]], 2)
/Users/joachimbellet/Documents/GitHub/uneye/foundation/bitcn.py:41: RuntimeWarning: invalid value encountered in multiply
  c, s = np.cos(np.deg2rad(th)), np.sin(np.deg2rad(th)); q = np.stack([c * p[..., 0] - s * p[..., 1], s * p[..., 0] + c * p[..., 1]], 2)
[sup_bitcn_v2] step 3000/6000 loss 0.0633 | validation (d1-d3 held-out trials): F1 0.915 kappa 0.863 | EMA F1 0.908 kappa 0.853 (best 0.919, patience 1/3) | 202 s
/Users/joachimbellet/Documents/GitHub/uneye/foundation/bitcn.py:41: RuntimeWarning: invalid value encountered in multiply
  c, s = np.cos(np.deg2rad(th)), np.sin(np.deg2rad(th)); q = np.stack([c * p[..., 0] - s * p[..., 1], s * p[..., 0] + c * p[..., 1]], 2)
/Users/joachimbellet/Documents/GitHub/uneye/foundation/bitcn.py:41: RuntimeWarning: invalid value encountered in multiply
  c, s = np.cos(np.deg2rad(th)), np.sin(np.deg2rad(th)); q = np.stack([c * p[..., 0] - s * p[..., 1], s * p[..., 0] + c * p[..., 1]], 2)
[sup_bitcn_v2] step 3500/6000 loss 0.0599 | validation (d1-d3 held-out trials): F1 0.918 kappa 0.865 | EMA F1 0.917 kappa 0.859 (best 0.919, patience 2/3) | 236 s
/Users/joachimbellet/Documents/GitHub/uneye/foundation/bitcn.py:41: RuntimeWarning: invalid value encountered in multiply
  c, s = np.cos(np.deg2rad(th)), np.sin(np.deg2rad(th)); q = np.stack([c * p[..., 0] - s * p[..., 1], s * p[..., 0] + c * p[..., 1]], 2)
/Users/joachimbellet/Documents/GitHub/uneye/foundation/bitcn.py:41: RuntimeWarning: invalid value encountered in multiply
  c, s = np.cos(np.deg2rad(th)), np.sin(np.deg2rad(th)); q = np.stack([c * p[..., 0] - s * p[..., 1], s * p[..., 0] + c * p[..., 1]], 2)
[sup_bitcn_v2] step 4000/6000 loss 0.0585 | validation (d1-d3 held-out trials): F1 0.917 kappa 0.863 | EMA F1 0.925 kappa 0.862 (best 0.925 *saved*, patience 0/3) | 269 s
/Users/joachimbellet/Documents/GitHub/uneye/foundation/bitcn.py:41: RuntimeWarning: invalid value encountered in multiply
  c, s = np.cos(np.deg2rad(th)), np.sin(np.deg2rad(th)); q = np.stack([c * p[..., 0] - s * p[..., 1], s * p[..., 0] + c * p[..., 1]], 2)
/Users/joachimbellet/Documents/GitHub/uneye/foundation/bitcn.py:41: RuntimeWarning: invalid value encountered in multiply
  c, s = np.cos(np.deg2rad(th)), np.sin(np.deg2rad(th)); q = np.stack([c * p[..., 0] - s * p[..., 1], s * p[..., 0] + c * p[..., 1]], 2)
[sup_bitcn_v2] step 4500/6000 loss 0.0570 | validation (d1-d3 held-out trials): F1 0.918 kappa 0.868 | EMA F1 0.914 kappa 0.867 (best 0.925, patience 1/3) | 303 s
/Users/joachimbellet/Documents/GitHub/uneye/foundation/bitcn.py:41: RuntimeWarning: invalid value encountered in multiply
  c, s = np.cos(np.deg2rad(th)), np.sin(np.deg2rad(th)); q = np.stack([c * p[..., 0] - s * p[..., 1], s * p[..., 0] + c * p[..., 1]], 2)
/Users/joachimbellet/Documents/GitHub/uneye/foundation/bitcn.py:41: RuntimeWarning: invalid value encountered in multiply
  c, s = np.cos(np.deg2rad(th)), np.sin(np.deg2rad(th)); q = np.stack([c * p[..., 0] - s * p[..., 1], s * p[..., 0] + c * p[..., 1]], 2)
[sup_bitcn_v2] step 5000/6000 loss 0.0553 | validation (d1-d3 held-out trials): F1 0.909 kappa 0.871 | EMA F1 0.911 kappa 0.868 (best 0.925, patience 2/3) | 337 s
/Users/joachimbellet/Documents/GitHub/uneye/foundation/bitcn.py:41: RuntimeWarning: invalid value encountered in multiply
  c, s = np.cos(np.deg2rad(th)), np.sin(np.deg2rad(th)); q = np.stack([c * p[..., 0] - s * p[..., 1], s * p[..., 0] + c * p[..., 1]], 2)
/Users/joachimbellet/Documents/GitHub/uneye/foundation/bitcn.py:41: RuntimeWarning: invalid value encountered in multiply
  c, s = np.cos(np.deg2rad(th)), np.sin(np.deg2rad(th)); q = np.stack([c * p[..., 0] - s * p[..., 1], s * p[..., 0] + c * p[..., 1]], 2)
[sup_bitcn_v2] step 5500/6000 loss 0.0542 | validation (d1-d3 held-out trials): F1 0.919 kappa 0.870 | EMA F1 0.913 kappa 0.869 (best 0.925, patience 3/3) | 370 s
[sup_bitcn_v2] early stop
/Users/joachimbellet/Documents/GitHub/uneye/foundation/bitcn.py:41: RuntimeWarning: invalid value encountered in multiply
  c, s = np.cos(np.deg2rad(th)), np.sin(np.deg2rad(th)); q = np.stack([c * p[..., 0] - s * p[..., 1], s * p[..., 0] + c * p[..., 1]], 2)
/Users/joachimbellet/Documents/GitHub/uneye/foundation/bitcn.py:41: RuntimeWarning: invalid value encountered in multiply
  c, s = np.cos(np.deg2rad(th)), np.sin(np.deg2rad(th)); q = np.stack([c * p[..., 0] - s * p[..., 1], s * p[..., 0] + c * p[..., 1]], 2)
[sup_bitcn_v2] mean over 5 datasets: HMM F1 0.628 kappa 0.432 | threshold F1 0.866 kappa 0.799 | d1 0.75/0.60 d2 0.73/0.60 d3 0.52/0.29 d4 0.37/0.25 andersson 0.77/0.41 (6.2 min)
/Users/joachimbellet/Documents/GitHub/uneye/foundation/bitcn.py:41: RuntimeWarning: invalid value encountered in multiply
  c, s = np.cos(np.deg2rad(th)), np.sin(np.deg2rad(th)); q = np.stack([c * p[..., 0] - s * p[..., 1], s * p[..., 0] + c * p[..., 1]], 2)
/Users/joachimbellet/Documents/GitHub/uneye/foundation/bitcn.py:41: RuntimeWarning: invalid value encountered in multiply
  c, s = np.cos(np.deg2rad(th)), np.sin(np.deg2rad(th)); q = np.stack([c * p[..., 0] - s * p[..., 1], s * p[..., 0] + c * p[..., 1]], 2)
[sup_bitcn_v2_tta] mean over 5 datasets: HMM F1 0.632 kappa 0.432 | threshold F1 0.902 kappa 0.806 | d1 0.76/0.60 d2 0.72/0.61 d3 0.52/0.28 d4 0.37/0.24 andersson 0.80/0.44 (6.2 min)
/Users/joachimbellet/Documents/GitHub/uneye/foundation/bitcn.py:41: RuntimeWarning: invalid value encountered in multiply
  c, s = np.cos(np.deg2rad(th)), np.sin(np.deg2rad(th)); q = np.stack([c * p[..., 0] - s * p[..., 1], s * p[..., 0] + c * p[..., 1]], 2)
/Users/joachimbellet/Documents/GitHub/uneye/foundation/bitcn.py:41: RuntimeWarning: invalid value encountered in multiply
  c, s = np.cos(np.deg2rad(th)), np.sin(np.deg2rad(th)); q = np.stack([c * p[..., 0] - s * p[..., 1], s * p[..., 0] + c * p[..., 1]], 2)
[sup_bitcn_v2_ema_tta] mean over 5 datasets: HMM F1 0.634 kappa 0.444 | threshold F1 0.901 kappa 0.803 | d1 0.77/0.62 d2 0.70/0.61 d3 0.53/0.29 d4 0.38/0.26 andersson 0.80/0.44 (6.2 min)
