=== 22:50 eval_jepa_a (cap 10 min)
    -> done in 1.2 min
=== 22:51 ctrl_untrained (cap 15 min)
    -> done in 1.9 min
=== 22:53 ctrl_untrained_ts2vec (cap 10 min)
    -> done in 1.9 min
=== 22:55 base_input_6ch (cap 8 min)
    -> done in 0.2 min
=== 22:55 selftrain (cap 75 min)
    -> done in 11.9 min
=== 23:07 sup_bitcn (cap 50 min)
    -> done in 11.0 min
=== 23:18 ts2vec_a (cap 65 min)
    -> done in 13.2 min
=== 23:32 mae_a (cap 65 min)
    -> done in 39.4 min
=== 00:11 hubert_a (cap 65 min)
    -> done in 37.2 min
=== 00:48 ts2vec_b (cap 65 min)
    -> done in 12.7 min
=== 01:01 jepa_b (cap 55 min)
    -> done in 20.9 min
=== 01:22 jepa_d (cap 55 min)
    -> done in 33.3 min
=== 01:55 jepa_e (cap 50 min)
    -> done in 9.6 min
=== 02:05 mae_b (cap 50 min)
    -> done in 13.3 min
=== 02:19 label_eff (cap 60 min)
    -> done in 14.7 min
=== finished 02:33
